0 verbose cli C:\Program Files\nodejs\node.exe C:\Users\ANAM1503\AppData\Roaming\npm\node_modules\npm\bin\npm-cli.js
1 info using npm@11.14.1
2 info using node@v22.18.0
3 silly config load:file:C:\Users\ANAM1503\AppData\Roaming\npm\node_modules\npm\npmrc
4 silly config load:file:C:\Users\ANAM1503\Desktop\sigam_vite\.npmrc
5 silly config load:file:C:\Users\ANAM1503\.npmrc
6 silly config load:file:C:\Users\ANAM1503\AppData\Roaming\npm\etc\npmrc
7 verbose title npm exec tsc --noEmit -p client/tsconfig.json
8 verbose argv "exec" "--" "tsc" "--noEmit" "-p" "client/tsconfig.json"
9 verbose logfile logs-max:10 dir:C:\Users\ANAM1503\Desktop\sigam_vite\UsersANAM1503AppDataLocalnpm-cache\_logs\2026-06-10T09_26_20_230Z-
10 verbose logfile C:\Users\ANAM1503\Desktop\sigam_vite\UsersANAM1503AppDataLocalnpm-cache\_logs\2026-06-10T09_26_20_230Z-debug-0.log
11 silly logfile done cleaning log files
12 silly packumentCache heap:4345298944 maxSize:1086324736 maxEntrySize:543162368
13 http fetch GET 200 https://registry.npmjs.org/tsc 295ms (cache miss)
14 silly packumentCache heap:4345298944 maxSize:1086324736 maxEntrySize:543162368
15 http fetch GET 200 https://registry.npmjs.org/npm 554ms
16 silly packumentCache heap:4345298944 maxSize:1086324736 maxEntrySize:543162368
17 warn exec The following package was not found and will be installed: tsc@2.0.4
18 silly idealTree buildDeps
19 silly fetch manifest tsc@2.0.4
20 silly packumentCache full:https://registry.npmjs.org/tsc cache-miss
21 http fetch GET 200 https://registry.npmjs.org/tsc 479ms (cache miss)
22 silly packumentCache full:https://registry.npmjs.org/tsc set size:undefined disposed:false
23 silly placeDep ROOT tsc@2.0.4 OK for:  want: 2.0.4
24 silly reify moves {}
25 silly audit bulk request { tsc: [ '2.0.4' ] }
26 http cache tsc@https://registry.npmjs.org/tsc/-/tsc-2.0.4.tgz 1ms (cache hit)
27 silly tarball no local data for tsc@https://registry.npmjs.org/tsc/-/tsc-2.0.4.tgz. Extracting by manifest.
28 http fetch GET 200 https://registry.npmjs.org/tsc/-/tsc-2.0.4.tgz 162ms (cache miss)
29 warn deprecated tsc@2.0.4: Package no longer supported. Contact Support at https://www.npmjs.com/support for more info.
30 http fetch POST 200 https://registry.npmjs.org/-/npm/v1/security/advisories/bulk 413ms
31 silly audit report {}
32 verbose cwd C:\Users\ANAM1503\Desktop\sigam_vite
33 verbose os Windows_NT 10.0.20348
34 verbose node v22.18.0
35 verbose npm  v11.14.1
36 notice
36 notice New minor version of npm available! 11.14.1 -> 11.16.0
36 notice Changelog: https://github.com/npm/cli/releases/tag/v11.16.0
36 notice To update run: npm install -g npm@11.16.0
36 notice  { force: true, [Symbol(proc-log.meta)]: true }
37 verbose exit 1
38 verbose code 1
