0 verbose cli C:\Program Files\nodejs\node.exe C:\Users\ANAM1503\AppData\Roaming\npm\node_modules\npm\bin\npm-cli.js
1 info using npm@11.14.1
2 info using node@v22.18.0
3 silly config load:file:C:\Users\ANAM1503\AppData\Roaming\npm\node_modules\npm\npmrc
4 silly config load:file:C:\Users\ANAM1503\Desktop\sigam_vite\.npmrc
5 silly config load:file:C:\Users\ANAM1503\.npmrc
6 silly config load:file:C:\Users\ANAM1503\AppData\Roaming\npm\etc\npmrc
7 verbose title npm exec tsc -p server\tsconfig.json --noEmit
8 verbose argv "exec" "--" "tsc" "-p" "server\\tsconfig.json" "--noEmit"
9 verbose logfile logs-max:10 dir:C:\Users\ANAM1503\Desktop\sigam_vite\UsersANAM1503AppDataLocalnpm-cache\_logs\2026-05-24T14_52_39_212Z-
10 verbose logfile C:\Users\ANAM1503\Desktop\sigam_vite\UsersANAM1503AppDataLocalnpm-cache\_logs\2026-05-24T14_52_39_212Z-debug-0.log
11 silly logfile start cleaning logs, removing 1 files
12 silly logfile done cleaning log files
13 silly packumentCache heap:4345298944 maxSize:1086324736 maxEntrySize:543162368
14 http fetch GET 200 https://registry.npmjs.org/npm 585ms
15 http fetch GET 200 https://registry.npmjs.org/tsc 513ms (cache revalidated)
16 silly packumentCache heap:4345298944 maxSize:1086324736 maxEntrySize:543162368
17 silly packumentCache heap:4345298944 maxSize:1086324736 maxEntrySize:543162368
18 verbose cwd C:\Users\ANAM1503\Desktop\sigam_vite
19 verbose os Windows_NT 10.0.20348
20 verbose node v22.18.0
21 verbose npm  v11.14.1
22 notice
22 notice New minor version of npm available! 11.14.1 -> 11.15.0
22 notice Changelog: https://github.com/npm/cli/releases/tag/v11.15.0
22 notice To update run: npm install -g npm@11.15.0
22 notice  { force: true, [Symbol(proc-log.meta)]: true }
23 verbose exit 1
24 verbose code 1
